Archive member included to satisfy reference by file (symbol)

/opt/st/stm32cubeide_1.6.1/plugins/com.st.stm32cube.ide.mcu.externaltools.gnu-tools-for-stm32.9-2020-q2-update.linux64_1.5.0.202011040924/tools/bin/../lib/gcc/arm-none-eabi/9.3.1/../../../../arm-none-eabi/lib/thumb/v7e-m+fp/hard/libc_nano.a(lib_a-errno.o)
                              Src/syscalls.o (__errno)
/opt/st/stm32cubeide_1.6.1/plugins/com.st.stm32cube.ide.mcu.externaltools.gnu-tools-for-stm32.9-2020-q2-update.linux64_1.5.0.202011040924/tools/bin/../lib/gcc/arm-none-eabi/9.3.1/../../../../arm-none-eabi/lib/thumb/v7e-m+fp/hard/libc_nano.a(lib_a-exit.o)
                              /opt/st/stm32cubeide_1.6.1/plugins/com.st.stm32cube.ide.mcu.externaltools.gnu-tools-for-stm32.9-2020-q2-update.linux64_1.5.0.202011040924/tools/bin/../lib/gcc/arm-none-eabi/9.3.1/../../../../arm-none-eabi/lib/thumb/v7e-m+fp/hard/crt0.o (exit)
/opt/st/stm32cubeide_1.6.1/plugins/com.st.stm32cube.ide.mcu.externaltools.gnu-tools-for-stm32.9-2020-q2-update.linux64_1.5.0.202011040924/tools/bin/../lib/gcc/arm-none-eabi/9.3.1/../../../../arm-none-eabi/lib/thumb/v7e-m+fp/hard/libc_nano.a(lib_a-impure.o)
                              /opt/st/stm32cubeide_1.6.1/plugins/com.st.stm32cube.ide.mcu.externaltools.gnu-tools-for-stm32.9-2020-q2-update.linux64_1.5.0.202011040924/tools/bin/../lib/gcc/arm-none-eabi/9.3.1/../../../../arm-none-eabi/lib/thumb/v7e-m+fp/hard/libc_nano.a(lib_a-exit.o) (_global_impure_ptr)
/opt/st/stm32cubeide_1.6.1/plugins/com.st.stm32cube.ide.mcu.externaltools.gnu-tools-for-stm32.9-2020-q2-update.linux64_1.5.0.202011040924/tools/bin/../lib/gcc/arm-none-eabi/9.3.1/../../../../arm-none-eabi/lib/thumb/v7e-m+fp/hard/libc_nano.a(lib_a-init.o)
                              /opt/st/stm32cubeide_1.6.1/plugins/com.st.stm32cube.ide.mcu.externaltools.gnu-tools-for-stm32.9-2020-q2-update.linux64_1.5.0.202011040924/tools/bin/../lib/gcc/arm-none-eabi/9.3.1/../../../../arm-none-eabi/lib/thumb/v7e-m+fp/hard/crt0.o (__libc_init_array)
/opt/st/stm32cubeide_1.6.1/plugins/com.st.stm32cube.ide.mcu.externaltools.gnu-tools-for-stm32.9-2020-q2-update.linux64_1.5.0.202011040924/tools/bin/../lib/gcc/arm-none-eabi/9.3.1/../../../../arm-none-eabi/lib/thumb/v7e-m+fp/hard/libc_nano.a(lib_a-memset.o)
                              /opt/st/stm32cubeide_1.6.1/plugins/com.st.stm32cube.ide.mcu.externaltools.gnu-tools-for-stm32.9-2020-q2-update.linux64_1.5.0.202011040924/tools/bin/../lib/gcc/arm-none-eabi/9.3.1/../../../../arm-none-eabi/lib/thumb/v7e-m+fp/hard/crt0.o (memset)
/opt/st/stm32cubeide_1.6.1/plugins/com.st.stm32cube.ide.mcu.externaltools.gnu-tools-for-stm32.9-2020-q2-update.linux64_1.5.0.202011040924/tools/bin/../lib/gcc/arm-none-eabi/9.3.1/thumb/v7e-m+fp/hard/libgcc.a(_aeabi_uldivmod.o)
                              Drivers/STM32F4xx_HAL_Driver/Src/stm32f4xx_hal_rcc.o (__aeabi_uldivmod)
/opt/st/stm32cubeide_1.6.1/plugins/com.st.stm32cube.ide.mcu.externaltools.gnu-tools-for-stm32.9-2020-q2-update.linux64_1.5.0.202011040924/tools/bin/../lib/gcc/arm-none-eabi/9.3.1/thumb/v7e-m+fp/hard/libgcc.a(_udivmoddi4.o)
                              /opt/st/stm32cubeide_1.6.1/plugins/com.st.stm32cube.ide.mcu.externaltools.gnu-tools-for-stm32.9-2020-q2-update.linux64_1.5.0.202011040924/tools/bin/../lib/gcc/arm-none-eabi/9.3.1/thumb/v7e-m+fp/hard/libgcc.a(_aeabi_uldivmod.o) (__udivmoddi4)
/opt/st/stm32cubeide_1.6.1/plugins/com.st.stm32cube.ide.mcu.externaltools.gnu-tools-for-stm32.9-2020-q2-update.linux64_1.5.0.202011040924/tools/bin/../lib/gcc/arm-none-eabi/9.3.1/thumb/v7e-m+fp/hard/libgcc.a(_dvmd_tls.o)
                              /opt/st/stm32cubeide_1.6.1/plugins/com.st.stm32cube.ide.mcu.externaltools.gnu-tools-for-stm32.9-2020-q2-update.linux64_1.5.0.202011040924/tools/bin/../lib/gcc/arm-none-eabi/9.3.1/thumb/v7e-m+fp/hard/libgcc.a(_aeabi_uldivmod.o) (__aeabi_ldiv0)

Allocating common symbols
Common symbol       size              file

uwTick              0x4               Drivers/STM32F4xx_HAL_Driver/Src/stm32f4xx_hal.o
pFlash              0x20              Drivers/STM32F4xx_HAL_Driver/Src/stm32f4xx_hal_flash.o
aaa                 0x4               Src/FPGA.o
hsram1              0x50              Src/fmc.o
huart1              0x44              Src/usart.o
hsram2              0x50              Src/fmc.o

Discarded input sections

 .text          0x0000000000000000        0x0 /opt/st/stm32cubeide_1.6.1/plugins/com.st.stm32cube.ide.mcu.externaltools.gnu-tools-for-stm32.9-2020-q2-update.linux64_1.5.0.202011040924/tools/bin/../lib/gcc/arm-none-eabi/9.3.1/thumb/v7e-m+fp/hard/crti.o
 .data          0x0000000000000000        0x0 /opt/st/stm32cubeide_1.6.1/plugins/com.st.stm32cube.ide.mcu.externaltools.gnu-tools-for-stm32.9-2020-q2-update.linux64_1.5.0.202011040924/tools/bin/../lib/gcc/arm-none-eabi/9.3.1/thumb/v7e-m+fp/hard/crti.o
[...]
Memory Configuration

Name             Origin             Length             Attributes
CCMRAM           0x0000000010000000 0x0000000000010000 xrw
RAM              0x0000000020000000 0x0000000000030000 xrw
FLASH            0x0000000008000000 0x0000000000200000 xr
*default*        0x0000000000000000 0xffffffffffffffff

Linker script and memory map

LOAD /opt/st/stm32cubeide_1.6.1/plugins/com.st.stm32cube.ide.mcu.externaltools.gnu-tools-for-stm32.9-2020-q2-update.linux64_1.5.0.202011040924/tools/bin/../lib/gcc/arm-none-eabi/9.3.1/thumb/v7e-m+fp/hard/crti.o
LOAD /opt/st/stm32cubeide_1.6.1/plugins/com.st.stm32cube.ide.mcu.externaltools.gnu-tools-for-stm32.9-2020-q2-update.linux64_1.5.0.202011040924/tools/bin/../lib/gcc/arm-none-eabi/9.3.1/thumb/v7e-m+fp/hard/crtbegin.o
LOAD /opt/st/stm32cubeide_1.6.1/plugins/com.st.stm32cube.ide.mcu.externaltools.gnu-tools-for-stm32.9-2020-q2-update.linux64_1.5.0.202011040924/tools/bin/../lib/gcc/arm-none-eabi/9.3.1/../../../../arm-none-eabi/lib/thumb/v7e-m+fp/hard/crt0.o
LOAD Drivers/STM32F4xx_HAL_Driver/Src/stm32f4xx_hal.o
LOAD Drivers/STM32F4xx_HAL_Driver/Src/stm32f4xx_hal_cortex.o
LOAD Drivers/STM32F4xx_HAL_Driver/Src/stm32f4xx_hal_dma.o
LOAD Drivers/STM32F4xx_HAL_Driver/Src/stm32f4xx_hal_dma_ex.o
LOAD Drivers/STM32F4xx_HAL_Driver/Src/stm32f4xx_hal_exti.o
LOAD Drivers/STM32F4xx_HAL_Driver/Src/stm32f4xx_hal_flash.o
LOAD Drivers/STM32F4xx_HAL_Driver/Src/stm32f4xx_hal_flash_ex.o
LOAD Drivers/STM32F4xx_HAL_Driver/Src/stm32f4xx_hal_flash_ramfunc.o
LOAD Drivers/STM32F4xx_HAL_Driver/Src/stm32f4xx_hal_gpio.o
LOAD Drivers/STM32F4xx_HAL_Driver/Src/stm32f4xx_hal_pwr.o
LOAD Drivers/STM32F4xx_HAL_Driver/Src/stm32f4xx_hal_pwr_ex.o
LOAD Drivers/STM32F4xx_HAL_Driver/Src/stm32f4xx_hal_rcc.o
LOAD Drivers/STM32F4xx_HAL_Driver/Src/stm32f4xx_hal_rcc_ex.o
LOAD Drivers/STM32F4xx_HAL_Driver/Src/stm32f4xx_hal_sram.o
LOAD Drivers/STM32F4xx_HAL_Driver/Src/stm32f4xx_hal_tim.o
LOAD Drivers/STM32F4xx_HAL_Driver/Src/stm32f4xx_hal_tim_ex.o
LOAD Drivers/STM32F4xx_HAL_Driver/Src/stm32f4xx_hal_uart.o
LOAD Drivers/STM32F4xx_HAL_Driver/Src/stm32f4xx_ll_fmc.o
LOAD Src/FPGA.o
LOAD Src/fmc.o
LOAD Src/gpio.o
LOAD Src/main.o
LOAD Src/stm32f4xx_hal_msp.o
LOAD Src/stm32f4xx_it.o
LOAD Src/syscalls.o
LOAD Src/sysmem.o
LOAD Src/system_stm32f4xx.o
LOAD Src/usart.o
LOAD Startup/startup_stm32f429nihx.o
START GROUP
LOAD /opt/st/stm32cubeide_1.6.1/plugins/com.st.stm32cube.ide.mcu.externaltools.gnu-tools-for-stm32.9-2020-q2-update.linux64_1.5.0.202011040924/tools/bin/../lib/gcc/arm-none-eabi/9.3.1/../../../../arm-none-eabi/lib/thumb/v7e-m+fp/hard/libc_nano.a
LOAD /opt/st/stm32cubeide_1.6.1/plugins/com.st.stm32cube.ide.mcu.externaltools.gnu-tools-for-stm32.9-2020-q2-update.linux64_1.5.0.202011040924/tools/bin/../lib/gcc/arm-none-eabi/9.3.1/../../../../arm-none-eabi/lib/thumb/v7e-m+fp/hard/libm.a
END GROUP
START GROUP
LOAD /opt/st/stm32cubeide_1.6.1/plugins/com.st.stm32cube.ide.mcu.externaltools.gnu-tools-for-stm32.9-2020-q2-update.linux64_1.5.0.202011040924/tools/bin/../lib/gcc/arm-none-eabi/9.3.1/thumb/v7e-m+fp/hard/libgcc.a
LOAD /opt/st/stm32cubeide_1.6.1/plugins/com.st.stm32cube.ide.mcu.externaltools.gnu-tools-for-stm32.9-2020-q2-update.linux64_1.5.0.202011040924/tools/bin/../lib/gcc/arm-none-eabi/9.3.1/../../../../arm-none-eabi/lib/thumb/v7e-m+fp/hard/libc_nano.a
END GROUP
START GROUP
LOAD /opt/st/stm32cubeide_1.6.1/plugins/com.st.stm32cube.ide.mcu.externaltools.gnu-tools-for-stm32.9-2020-q2-update.linux64_1.5.0.202011040924/tools/bin/../lib/gcc/arm-none-eabi/9.3.1/thumb/v7e-m+fp/hard/libgcc.a
LOAD /opt/st/stm32cubeide_1.6.1/plugins/com.st.stm32cube.ide.mcu.externaltools.gnu-tools-for-stm32.9-2020-q2-update.linux64_1.5.0.202011040924/tools/bin/../lib/gcc/arm-none-eabi/9.3.1/../../../../arm-none-eabi/lib/thumb/v7e-m+fp/hard/libc_nano.a
LOAD /opt/st/stm32cubeide_1.6.1/plugins/com.st.stm32cube.ide.mcu.externaltools.gnu-tools-for-stm32.9-2020-q2-update.linux64_1.5.0.202011040924/tools/bin/../lib/gcc/arm-none-eabi/9.3.1/../../../../arm-none-eabi/lib/thumb/v7e-m+fp/hard/libnosys.a
END GROUP
START GROUP
LOAD /opt/st/stm32cubeide_1.6.1/plugins/com.st.stm32cube.ide.mcu.externaltools.gnu-tools-for-stm32.9-2020-q2-update.linux64_1.5.0.202011040924/tools/bin/../lib/gcc/arm-none-eabi/9.3.1/thumb/v7e-m+fp/hard/libgcc.a
LOAD /opt/st/stm32cubeide_1.6.1/plugins/com.st.stm32cube.ide.mcu.externaltools.gnu-tools-for-stm32.9-2020-q2-update.linux64_1.5.0.202011040924/tools/bin/../lib/gcc/arm-none-eabi/9.3.1/../../../../arm-none-eabi/lib/thumb/v7e-m+fp/hard/libc_nano.a
LOAD /opt/st/stm32cubeide_1.6.1/plugins/com.st.stm32cube.ide.mcu.externaltools.gnu-tools-for-stm32.9-2020-q2-update.linux64_1.5.0.202011040924/tools/bin/../lib/gcc/arm-none-eabi/9.3.1/../../../../arm-none-eabi/lib/thumb/v7e-m+fp/hard/libnosys.a
END GROUP
LOAD /opt/st/stm32cubeide_1.6.1/plugins/com.st.stm32cube.ide.mcu.externaltools.gnu-tools-for-stm32.9-2020-q2-update.linux64_1.5.0.202011040924/tools/bin/../lib/gcc/arm-none-eabi/9.3.1/thumb/v7e-m+fp/hard/crtend.o
LOAD /opt/st/stm32cubeide_1.6.1/plugins/com.st.stm32cube.ide.mcu.externaltools.gnu-tools-for-stm32.9-2020-q2-update.linux64_1.5.0.202011040924/tools/bin/../lib/gcc/arm-none-eabi/9.3.1/thumb/v7e-m+fp/hard/crtn.o
                0x0000000020030000                _estack = 0x20030000
                0x0000000000000200                _Min_Heap_Size = 0x200
                0x0000000000000400                _Min_Stack_Size = 0x400

.isr_vector     0x0000000008000000      0x1ac
                0x0000000008000000                . = ALIGN (0x4)
 *(.isr_vector)
 .isr_vector    0x0000000008000000      0x1ac Startup/startup_stm32f429nihx.o
                0x0000000008000000                g_pfnVectors
                0x00000000080001ac                . = ALIGN (0x4)

.text           0x00000000080001ac     0x2aa8
                0x00000000080001ac                . = ALIGN (0x4)
 *(.text)
 .text          0x00000000080001ac       0x40 /opt/st/stm32cubeide_1.6.1/plugins/com.st.stm32cube.ide.mcu.externaltools.gnu-tools-for-stm32.9-2020-q2-update.linux64_1.5.0.202011040924/tools/bin/../lib/gcc/arm-none-eabi/9.3.1/thumb/v7e-m+fp/hard/crtbegin.o
 .text          0x00000000080001ec       0x30 /opt/st/stm32cubeide_1.6.1/plugins/com.st.stm32cube.ide.mcu.externaltools.gnu-tools-for-stm32.9-2020-q2-update.linux64_1.5.0.202011040924/tools/bin/../lib/gcc/arm-none-eabi/9.3.1/thumb/v7e-m+fp/hard/libgcc.a(_aeabi_uldivmod.o)
                0x00000000080001ec                __aeabi_uldivmod
 .text          0x000000000800021c      0x2c4 /opt/st/stm32cubeide_1.6.1/plugins/com.st.stm32cube.ide.mcu.externaltools.gnu-tools-for-stm32.9-2020-q2-update.linux64_1.5.0.202011040924/tools/bin/../lib/gcc/arm-none-eabi/9.3.1/thumb/v7e-m+fp/hard/libgcc.a(_udivmoddi4.o)
                0x000000000800021c                __udivmoddi4
 .text          0x00000000080004e0        0x4 /opt/st/stm32cubeide_1.6.1/plugins/com.st.stm32cube.ide.mcu.externaltools.gnu-tools-for-stm32.9-2020-q2-update.linux64_1.5.0.202011040924/tools/bin/../lib/gcc/arm-none-eabi/9.3.1/thumb/v7e-m+fp/hard/libgcc.a(_dvmd_tls.o)
                0x00000000080004e0                __aeabi_ldiv0
                0x00000000080004e0                __aeabi_idiv0
 *(.text*)
 .text.HAL_Init
                0x00000000080004e4       0x44 Drivers/STM32F4xx_HAL_Driver/Src/stm32f4xx_hal.o
                0x00000000080004e4                HAL_Init
 .text.HAL_InitTick
                0x0000000008000528       0x60 Drivers/STM32F4xx_HAL_Driver/Src/stm32f4xx_hal.o
                0x0000000008000528                HAL_InitTick
 .text.HAL_IncTick
                0x0000000008000588       0x28 Drivers/STM32F4xx_HAL_Driver/Src/stm32f4xx_hal.o
                0x0000000008000588                HAL_IncTick
 .text.HAL_GetTick
                0x00000000080005b0       0x18 Drivers/STM32F4xx_HAL_Driver/Src/stm32f4xx_hal.o
                0x00000000080005b0                HAL_GetTick
 .text.__NVIC_SetPriorityGrouping
                0x00000000080005c8       0x48 Drivers/STM32F4xx_HAL_Driver/Src/stm32f4xx_hal_cortex.o
 .text.__NVIC_GetPriorityGrouping
                0x0000000008000610       0x1c Drivers/STM32F4xx_HAL_Driver/Src/stm32f4xx_hal_cortex.o
 .text.__NVIC_EnableIRQ
                0x000000000800062c       0x3c Drivers/STM32F4xx_HAL_Driver/Src/stm32f4xx_hal_cortex.o
 .text.__NVIC_SetPriority
                0x0000000008000668       0x54 Drivers/STM32F4xx_HAL_Driver/Src/stm32f4xx_hal_cortex.o
 .text.NVIC_EncodePriority
                0x00000000080006bc       0x66 Drivers/STM32F4xx_HAL_Driver/Src/stm32f4xx_hal_cortex.o
 *fill*         0x0000000008000722        0x2 
 .text.SysTick_Config
                0x0000000008000724       0x44 Drivers/STM32F4xx_HAL_Driver/Src/stm32f4xx_hal_cortex.o
 .text.HAL_NVIC_SetPriorityGrouping
                0x0000000008000768       0x16 Drivers/STM32F4xx_HAL_Driver/Src/stm32f4xx_hal_cortex.o
                0x0000000008000768                HAL_NVIC_SetPriorityGrouping
 .text.HAL_NVIC_SetPriority
                0x000000000800077e       0x38 Drivers/STM32F4xx_HAL_Driver/Src/stm32f4xx_hal_cortex.o
                0x000000000800077e                HAL_NVIC_SetPriority
 .text.HAL_NVIC_EnableIRQ
                0x00000000080007b6       0x1c Drivers/STM32F4xx_HAL_Driver/Src/stm32f4xx_hal_cortex.o
                0x00000000080007b6                HAL_NVIC_EnableIRQ
 .text.HAL_SYSTICK_Config
                0x00000000080007d2       0x18 Drivers/STM32F4xx_HAL_Driver/Src/stm32f4xx_hal_cortex.o
                0x00000000080007d2                HAL_SYSTICK_Config
 .text.HAL_DMA_Abort
                0x00000000080007ea       0xe0 Drivers/STM32F4xx_HAL_Driver/Src/stm32f4xx_hal_dma.o
                0x00000000080007ea                HAL_DMA_Abort
 .text.HAL_DMA_Abort_IT
                0x00000000080008ca       0x44 Drivers/STM32F4xx_HAL_Driver/Src/stm32f4xx_hal_dma.o
                0x00000000080008ca                HAL_DMA_Abort_IT
 *fill*         0x000000000800090e        0x2 
 .text.HAL_GPIO_Init
                0x0000000008000910      0x358 Drivers/STM32F4xx_HAL_Driver/Src/stm32f4xx_hal_gpio.o
                0x0000000008000910                HAL_GPIO_Init
 .text.HAL_GPIO_WritePin
                0x0000000008000c68       0x32 Drivers/STM32F4xx_HAL_Driver/Src/stm32f4xx_hal_gpio.o
                0x0000000008000c68                HAL_GPIO_WritePin
 *fill*         0x0000000008000c9a        0x2 
 .text.HAL_RCC_OscConfig
                0x0000000008000c9c      0x4f0 Drivers/STM32F4xx_HAL_Driver/Src/stm32f4xx_hal_rcc.o
                0x0000000008000c9c                HAL_RCC_OscConfig
 .text.HAL_RCC_ClockConfig
                0x000000000800118c      0x1cc Drivers/STM32F4xx_HAL_Driver/Src/stm32f4xx_hal_rcc.o
                0x000000000800118c                HAL_RCC_ClockConfig
 .text.HAL_RCC_GetSysClockFreq
                0x0000000008001358      0x16c Drivers/STM32F4xx_HAL_Driver/Src/stm32f4xx_hal_rcc.o
                0x0000000008001358                HAL_RCC_GetSysClockFreq
 .text.HAL_RCC_GetHCLKFreq
                0x00000000080014c4       0x18 Drivers/STM32F4xx_HAL_Driver/Src/stm32f4xx_hal_rcc.o
                0x00000000080014c4                HAL_RCC_GetHCLKFreq
 .text.HAL_RCC_GetPCLK1Freq
                0x00000000080014dc       0x28 Drivers/STM32F4xx_HAL_Driver/Src/stm32f4xx_hal_rcc.o
                0x00000000080014dc                HAL_RCC_GetPCLK1Freq
 .text.HAL_RCC_GetPCLK2Freq
                0x0000000008001504       0x28 Drivers/STM32F4xx_HAL_Driver/Src/stm32f4xx_hal_rcc.o
                0x0000000008001504                HAL_RCC_GetPCLK2Freq
 .text.HAL_SRAM_Init
                0x000000000800152c       0x88 Drivers/STM32F4xx_HAL_Driver/Src/stm32f4xx_hal_sram.o
                0x000000000800152c                HAL_SRAM_Init
 .text.HAL_UART_Init
                0x00000000080015b4       0x9a Drivers/STM32F4xx_HAL_Driver/Src/stm32f4xx_hal_uart.o
                0x00000000080015b4                HAL_UART_Init
 .text.HAL_UART_Transmit
                0x000000000800164e      0x124 Drivers/STM32F4xx_HAL_Driver/Src/stm32f4xx_hal_uart.o
                0x000000000800164e                HAL_UART_Transmit
 .text.HAL_UART_Receive_IT
                0x0000000008001772       0x60 Drivers/STM32F4xx_HAL_Driver/Src/stm32f4xx_hal_uart.o
                0x0000000008001772                HAL_UART_Receive_IT
 *fill*         0x00000000080017d2        0x2 
 .text.HAL_UART_IRQHandler
                0x00000000080017d4      0x358 Drivers/STM32F4xx_HAL_Driver/Src/stm32f4xx_hal_uart.o
                0x00000000080017d4                HAL_UART_IRQHandler
 .text.HAL_UART_TxCpltCallback
                0x0000000008001b2c       0x14 Drivers/STM32F4xx_HAL_Driver/Src/stm32f4xx_hal_uart.o
                0x0000000008001b2c                HAL_UART_TxCpltCallback
 .text.HAL_UART_ErrorCallback
                0x0000000008001b40       0x14 Drivers/STM32F4xx_HAL_Driver/Src/stm32f4xx_hal_uart.o
                0x0000000008001b40                HAL_UART_ErrorCallback
 .text.HAL_UARTEx_RxEventCallback
                0x0000000008001b54       0x18 Drivers/STM32F4xx_HAL_Driver/Src/stm32f4xx_hal_uart.o
                0x0000000008001b54                HAL_UARTEx_RxEventCallback
 .text.UART_WaitOnFlagUntilTimeout
                0x0000000008001b6c       0x94 Drivers/STM32F4xx_HAL_Driver/Src/stm32f4xx_hal_uart.o
 .text.UART_Start_Receive_IT
                0x0000000008001c00       0x74 Drivers/STM32F4xx_HAL_Driver/Src/stm32f4xx_hal_uart.o
                0x0000000008001c00                UART_Start_Receive_IT
 .text.UART_EndRxTransfer
                0x0000000008001c74       0x5a Drivers/STM32F4xx_HAL_Driver/Src/stm32f4xx_hal_uart.o
 .text.UART_DMAAbortOnError
                0x0000000008001cce       0x28 Drivers/STM32F4xx_HAL_Driver/Src/stm32f4xx_hal_uart.o
 .text.UART_Transmit_IT
                0x0000000008001cf6       0xa0 Drivers/STM32F4xx_HAL_Driver/Src/stm32f4xx_hal_uart.o
 .text.UART_EndTransmit_IT
                0x0000000008001d96       0x30 Drivers/STM32F4xx_HAL_Driver/Src/stm32f4xx_hal_uart.o
 .text.UART_Receive_IT
                0x0000000008001dc6      0x12e Drivers/STM32F4xx_HAL_Driver/Src/stm32f4xx_hal_uart.o
 .text.UART_SetConfig
                0x0000000008001ef4      0x390 Drivers/STM32F4xx_HAL_Driver/Src/stm32f4xx_hal_uart.o
 .text.FMC_NORSRAM_Init
                0x0000000008002284       0xc8 Drivers/STM32F4xx_HAL_Driver/Src/stm32f4xx_ll_fmc.o
                0x0000000008002284                FMC_NORSRAM_Init
 .text.FMC_NORSRAM_Timing_Init
                0x000000000800234c       0xa6 Drivers/STM32F4xx_HAL_Driver/Src/stm32f4xx_ll_fmc.o
                0x000000000800234c                FMC_NORSRAM_Timing_Init
 *fill*         0x00000000080023f2        0x2 
 .text.FMC_NORSRAM_Extended_Timing_Init
                0x00000000080023f4       0x80 Drivers/STM32F4xx_HAL_Driver/Src/stm32f4xx_ll_fmc.o
                0x00000000080023f4                FMC_NORSRAM_Extended_Timing_Init
 .text.MX_FMC_Init
                0x0000000008002474      0x164 Src/fmc.o
                0x0000000008002474                MX_FMC_Init
 .text.HAL_FMC_MspInit
                0x00000000080025d8       0xe0 Src/fmc.o
 .text.HAL_SRAM_MspInit
                0x00000000080026b8       0x14 Src/fmc.o
                0x00000000080026b8                HAL_SRAM_MspInit
 .text.MX_GPIO_Init
                0x00000000080026cc      0x10c Src/gpio.o
                0x00000000080026cc                MX_GPIO_Init
 .text.main     0x00000000080027d8       0x50 Src/main.o
                0x00000000080027d8                main
 .text.HAL_UART_RxCpltCallback
                0x0000000008002828       0x20 Src/main.o
                0x0000000008002828                HAL_UART_RxCpltCallback
 .text.SystemClock_Config
                0x0000000008002848       0xd8 Src/main.o
                0x0000000008002848                SystemClock_Config
 .text.Error_Handler
                0x0000000008002920        0xe Src/main.o
                0x0000000008002920                Error_Handler
 *fill*         0x000000000800292e        0x2 
 .text.HAL_MspInit
                0x0000000008002930       0x50 Src/stm32f4xx_hal_msp.o
                0x0000000008002930                HAL_MspInit
 .text.NMI_Handler
                0x0000000008002980        0xe Src/stm32f4xx_it.o
                0x0000000008002980                NMI_Handler
 .text.HardFault_Handler
                0x000000000800298e        0x6 Src/stm32f4xx_it.o
                0x000000000800298e                HardFault_Handler
 .text.MemManage_Handler
                0x0000000008002994        0x6 Src/stm32f4xx_it.o
                0x0000000008002994                MemManage_Handler
 .text.BusFault_Handler
                0x000000000800299a        0x6 Src/stm32f4xx_it.o
                0x000000000800299a                BusFault_Handler
 .text.UsageFault_Handler
                0x00000000080029a0        0x6 Src/stm32f4xx_it.o
                0x00000000080029a0                UsageFault_Handler
 .text.SVC_Handler
                0x00000000080029a6        0xe Src/stm32f4xx_it.o
                0x00000000080029a6                SVC_Handler
 .text.DebugMon_Handler
                0x00000000080029b4        0xe Src/stm32f4xx_it.o
                0x00000000080029b4                DebugMon_Handler
 .text.PendSV_Handler
                0x00000000080029c2        0xe Src/stm32f4xx_it.o
                0x00000000080029c2                PendSV_Handler
 .text.SysTick_Handler
                0x00000000080029d0        0xc Src/stm32f4xx_it.o
                0x00000000080029d0                SysTick_Handler
 .text.USART1_IRQHandler
                0x00000000080029dc       0x14 Src/stm32f4xx_it.o
                0x00000000080029dc                USART1_IRQHandler
 .text.SystemInit
                0x00000000080029f0       0x6c Src/system_stm32f4xx.o
                0x00000000080029f0                SystemInit
 .text.MX_USART1_UART_Init
                0x0000000008002a5c       0x54 Src/usart.o
                0x0000000008002a5c                MX_USART1_UART_Init
 .text.HAL_UART_MspInit
                0x0000000008002ab0       0xe0 Src/usart.o
                0x0000000008002ab0                HAL_UART_MspInit
 .text.Reset_Handler
                0x0000000008002b90       0x50 Startup/startup_stm32f429nihx.o
                0x0000000008002b90                Reset_Handler
 .text.Default_Handler
                0x0000000008002be0        0x2 Startup/startup_stm32f429nihx.o
                0x0000000008002be0                RTC_Alarm_IRQHandler
                0x0000000008002be0                HASH_RNG_IRQHandler
                0x0000000008002be0                EXTI2_IRQHandler
                0x0000000008002be0                TIM8_CC_IRQHandler
                0x0000000008002be0                UART8_IRQHandler
                0x0000000008002be0                SPI4_IRQHandler
                0x0000000008002be0                TIM1_CC_IRQHandler
                0x0000000008002be0                DMA2_Stream5_IRQHandler
                0x0000000008002be0                DMA1_Stream5_IRQHandler
                0x0000000008002be0                PVD_IRQHandler
                0x0000000008002be0                SDIO_IRQHandler
                0x0000000008002be0                TAMP_STAMP_IRQHandler
                0x0000000008002be0                CAN2_RX1_IRQHandler
                0x0000000008002be0                EXTI3_IRQHandler
                0x0000000008002be0                TIM8_TRG_COM_TIM14_IRQHandler
                0x0000000008002be0                TIM1_UP_TIM10_IRQHandler
                0x0000000008002be0                TIM8_UP_TIM13_IRQHandler
                0x0000000008002be0                I2C3_ER_IRQHandler
                0x0000000008002be0                EXTI0_IRQHandler
                0x0000000008002be0                I2C2_EV_IRQHandler
                0x0000000008002be0                DMA1_Stream2_IRQHandler
                0x0000000008002be0                CAN1_RX0_IRQHandler
                0x0000000008002be0                FPU_IRQHandler
                0x0000000008002be0                OTG_HS_WKUP_IRQHandler
                0x0000000008002be0                LTDC_ER_IRQHandler
                0x0000000008002be0                CAN2_SCE_IRQHandler
                0x0000000008002be0                DMA2_Stream2_IRQHandler
                0x0000000008002be0                SPI1_IRQHandler
                0x0000000008002be0                TIM6_DAC_IRQHandler
                0x0000000008002be0                TIM1_BRK_TIM9_IRQHandler
                0x0000000008002be0                DCMI_IRQHandler
                0x0000000008002be0                CAN2_RX0_IRQHandler
                0x0000000008002be0                DMA2_Stream3_IRQHandler
                0x0000000008002be0                USART6_IRQHandler
                0x0000000008002be0                USART3_IRQHandler
                0x0000000008002be0                CAN1_RX1_IRQHandler
                0x0000000008002be0                UART5_IRQHandler
                0x0000000008002be0                DMA2_Stream0_IRQHandler
                0x0000000008002be0                TIM4_IRQHandler
                0x0000000008002be0                I2C1_EV_IRQHandler
                0x0000000008002be0                DMA1_Stream6_IRQHandler
                0x0000000008002be0                DMA1_Stream1_IRQHandler
                0x0000000008002be0                UART4_IRQHandler
                0x0000000008002be0                TIM3_IRQHandler
                0x0000000008002be0                RCC_IRQHandler
                0x0000000008002be0                TIM8_BRK_TIM12_IRQHandler
                0x0000000008002be0                Default_Handler
                0x0000000008002be0                EXTI15_10_IRQHandler
                0x0000000008002be0                ADC_IRQHandler
                0x0000000008002be0                DMA1_Stream7_IRQHandler
                0x0000000008002be0                SPI5_IRQHandler
                0x0000000008002be0                TIM7_IRQHandler
                0x0000000008002be0                CAN2_TX_IRQHandler
                0x0000000008002be0                TIM5_IRQHandler
                0x0000000008002be0                DMA2_Stream7_IRQHandler
                0x0000000008002be0                I2C3_EV_IRQHandler
                0x0000000008002be0                EXTI9_5_IRQHandler
                0x0000000008002be0                RTC_WKUP_IRQHandler
                0x0000000008002be0                LTDC_IRQHandler
                0x0000000008002be0                ETH_WKUP_IRQHandler
                0x0000000008002be0                SPI2_IRQHandler
                0x0000000008002be0                OTG_HS_EP1_IN_IRQHandler
                0x0000000008002be0                DMA1_Stream0_IRQHandler
                0x0000000008002be0                CAN1_TX_IRQHandler
                0x0000000008002be0                EXTI4_IRQHandler
                0x0000000008002be0                ETH_IRQHandler
                0x0000000008002be0                OTG_HS_EP1_OUT_IRQHandler
                0x0000000008002be0                WWDG_IRQHandler
                0x0000000008002be0                SPI6_IRQHandler
                0x0000000008002be0                TIM2_IRQHandler
                0x0000000008002be0                OTG_FS_WKUP_IRQHandler
                0x0000000008002be0                TIM1_TRG_COM_TIM11_IRQHandler
                0x0000000008002be0                OTG_HS_IRQHandler
                0x0000000008002be0                DMA2D_IRQHandler
                0x0000000008002be0                EXTI1_IRQHandler
                0x0000000008002be0                UART7_IRQHandler
                0x0000000008002be0                USART2_IRQHandler
                0x0000000008002be0                I2C2_ER_IRQHandler
                0x0000000008002be0                DMA2_Stream1_IRQHandler
                0x0000000008002be0                CAN1_SCE_IRQHandler
                0x0000000008002be0                FLASH_IRQHandler
                0x0000000008002be0                DMA2_Stream4_IRQHandler
                0x0000000008002be0                OTG_FS_IRQHandler
                0x0000000008002be0                SPI3_IRQHandler
                0x0000000008002be0                DMA1_Stream4_IRQHandler
                0x0000000008002be0                I2C1_ER_IRQHandler
                0x0000000008002be0                FMC_IRQHandler
                0x0000000008002be0                DMA2_Stream6_IRQHandler
                0x0000000008002be0                SAI1_IRQHandler
                0x0000000008002be0                DMA1_Stream3_IRQHandler
 *fill*         0x0000000008002be2        0x2 
 .text.__libc_init_array
                0x0000000008002be4       0x48 /opt/st/stm32cubeide_1.6.1/plugins/com.st.stm32cube.ide.mcu.externaltools.gnu-tools-for-stm32.9-2020-q2-update.linux64_1.5.0.202011040924/tools/bin/../lib/gcc/arm-none-eabi/9.3.1/../../../../arm-none-eabi/lib/thumb/v7e-m+fp/hard/libc_nano.a(lib_a-init.o)
                0x0000000008002be4                __libc_init_array
 .text.memset   0x0000000008002c2c       0x10 /opt/st/stm32cubeide_1.6.1/plugins/com.st.stm32cube.ide.mcu.externaltools.gnu-tools-for-stm32.9-2020-q2-update.linux64_1.5.0.202011040924/tools/bin/../lib/gcc/arm-none-eabi/9.3.1/../../../../arm-none-eabi/lib/thumb/v7e-m+fp/hard/libc_nano.a(lib_a-memset.o)
                0x0000000008002c2c                memset
 *(.glue_7)
 .glue_7        0x0000000008002c3c        0x0 linker stubs
 *(.glue_7t)
 .glue_7t       0x0000000008002c3c        0x0 linker stubs
 *(.eh_frame)
 .eh_frame      0x0000000008002c3c        0x0 /opt/st/stm32cubeide_1.6.1/plugins/com.st.stm32cube.ide.mcu.externaltools.gnu-tools-for-stm32.9-2020-q2-update.linux64_1.5.0.202011040924/tools/bin/../lib/gcc/arm-none-eabi/9.3.1/thumb/v7e-m+fp/hard/crtbegin.o
 *(.init)
 .init          0x0000000008002c3c        0x4 /opt/st/stm32cubeide_1.6.1/plugins/com.st.stm32cube.ide.mcu.externaltools.gnu-tools-for-stm32.9-2020-q2-update.linux64_1.5.0.202011040924/tools/bin/../lib/gcc/arm-none-eabi/9.3.1/thumb/v7e-m+fp/hard/crti.o
                0x0000000008002c3c                _init
 .init          0x0000000008002c40        0x8 /opt/st/stm32cubeide_1.6.1/plugins/com.st.stm32cube.ide.mcu.externaltools.gnu-tools-for-stm32.9-2020-q2-update.linux64_1.5.0.202011040924/tools/bin/../lib/gcc/arm-none-eabi/9.3.1/thumb/v7e-m+fp/hard/crtn.o
 *(.fini)
 .fini          0x0000000008002c48        0x4 /opt/st/stm32cubeide_1.6.1/plugins/com.st.stm32cube.ide.mcu.externaltools.gnu-tools-for-stm32.9-2020-q2-update.linux64_1.5.0.202011040924/tools/bin/../lib/gcc/arm-none-eabi/9.3.1/thumb/v7e-m+fp/hard/crti.o
                0x0000000008002c48                _fini
 .fini          0x0000000008002c4c        0x8 /opt/st/stm32cubeide_1.6.1/plugins/com.st.stm32cube.ide.mcu.externaltools.gnu-tools-for-stm32.9-2020-q2-update.linux64_1.5.0.202011040924/tools/bin/../lib/gcc/arm-none-eabi/9.3.1/thumb/v7e-m+fp/hard/crtn.o
                0x0000000008002c54                . = ALIGN (0x4)
                0x0000000008002c54                _etext = .

.vfp11_veneer   0x0000000008002c54        0x0
 .vfp11_veneer  0x0000000008002c54        0x0 linker stubs

.v4_bx          0x0000000008002c54        0x0
 .v4_bx         0x0000000008002c54        0x0 linker stubs

.iplt           0x0000000008002c54        0x0
 .iplt          0x0000000008002c54        0x0 /opt/st/stm32cubeide_1.6.1/plugins/com.st.stm32cube.ide.mcu.externaltools.gnu-tools-for-stm32.9-2020-q2-update.linux64_1.5.0.202011040924/tools/bin/../lib/gcc/arm-none-eabi/9.3.1/thumb/v7e-m+fp/hard/crtbegin.o

.rodata         0x0000000008002c54       0x18
                0x0000000008002c54                . = ALIGN (0x4)
 *(.rodata)
 *(.rodata*)
 .rodata.AHBPrescTable
                0x0000000008002c54       0x10 Src/system_stm32f4xx.o
                0x0000000008002c54                AHBPrescTable
 .rodata.APBPrescTable
                0x0000000008002c64        0x8 Src/system_stm32f4xx.o
                0x0000000008002c64                APBPrescTable
                0x0000000008002c6c                . = ALIGN (0x4)

.ARM.extab      0x0000000008002c6c        0x0
                0x0000000008002c6c                . = ALIGN (0x4)
 *(.ARM.extab* .gnu.linkonce.armextab.*)
                0x0000000008002c6c                . = ALIGN (0x4)

.ARM            0x0000000008002c6c        0x8
                0x0000000008002c6c                . = ALIGN (0x4)
                0x0000000008002c6c                __exidx_start = .
 *(.ARM.exidx*)
 .ARM.exidx     0x0000000008002c6c        0x8 /opt/st/stm32cubeide_1.6.1/plugins/com.st.stm32cube.ide.mcu.externaltools.gnu-tools-for-stm32.9-2020-q2-update.linux64_1.5.0.202011040924/tools/bin/../lib/gcc/arm-none-eabi/9.3.1/thumb/v7e-m+fp/hard/libgcc.a(_udivmoddi4.o)
                0x0000000008002c74                __exidx_end = .
                0x0000000008002c74                . = ALIGN (0x4)

.rel.dyn        0x0000000008002c74        0x0
 .rel.iplt      0x0000000008002c74        0x0 /opt/st/stm32cubeide_1.6.1/plugins/com.st.stm32cube.ide.mcu.externaltools.gnu-tools-for-stm32.9-2020-q2-update.linux64_1.5.0.202011040924/tools/bin/../lib/gcc/arm-none-eabi/9.3.1/thumb/v7e-m+fp/hard/crtbegin.o

.preinit_array  0x0000000008002c74        0x0
                0x0000000008002c74                . = ALIGN (0x4)
                0x0000000008002c74                PROVIDE (__preinit_array_start = .)
 *(.preinit_array*)
                0x0000000008002c74                PROVIDE (__preinit_array_end = .)
                0x0000000008002c74                . = ALIGN (0x4)

.init_array     0x0000000008002c74        0x4
                0x0000000008002c74                . = ALIGN (0x4)
                0x0000000008002c74                PROVIDE (__init_array_start = .)
 *(SORT_BY_NAME(.init_array.*))
 *(.init_array*)
 .init_array    0x0000000008002c74        0x4 /opt/st/stm32cubeide_1.6.1/plugins/com.st.stm32cube.ide.mcu.externaltools.gnu-tools-for-stm32.9-2020-q2-update.linux64_1.5.0.202011040924/tools/bin/../lib/gcc/arm-none-eabi/9.3.1/thumb/v7e-m+fp/hard/crtbegin.o
                0x0000000008002c78                PROVIDE (__init_array_end = .)
                0x0000000008002c78                . = ALIGN (0x4)

.fini_array     0x0000000008002c78        0x4
                0x0000000008002c78                . = ALIGN (0x4)
                [!provide]                        PROVIDE (__fini_array_start = .)
 *(SORT_BY_NAME(.fini_array.*))
 *(.fini_array*)
 .fini_array    0x0000000008002c78        0x4 /opt/st/stm32cubeide_1.6.1/plugins/com.st.stm32cube.ide.mcu.externaltools.gnu-tools-for-stm32.9-2020-q2-update.linux64_1.5.0.202011040924/tools/bin/../lib/gcc/arm-none-eabi/9.3.1/thumb/v7e-m+fp/hard/crtbegin.o
                [!provide]                        PROVIDE (__fini_array_end = .)
                0x0000000008002c7c                . = ALIGN (0x4)
                0x0000000008002c7c                _sidata = LOADADDR (.data)

.data           0x0000000020000000        0xc load address 0x0000000008002c7c
                0x0000000020000000                . = ALIGN (0x4)
                0x0000000020000000                _sdata = .
 *(.data)
 *(.data*)
 .data.uwTickPrio
                0x0000000020000000        0x4 Drivers/STM32F4xx_HAL_Driver/Src/stm32f4xx_hal.o
                0x0000000020000000                uwTickPrio
 .data.uwTickFreq
                0x0000000020000004        0x1 Drivers/STM32F4xx_HAL_Driver/Src/stm32f4xx_hal.o
                0x0000000020000004                uwTickFreq
 .data.uart_char_received
                0x0000000020000005        0x1 Src/main.o
                0x0000000020000005                uart_char_received
 *fill*         0x0000000020000006        0x2 
 .data.SystemCoreClock
                0x0000000020000008        0x4 Src/system_stm32f4xx.o
                0x0000000020000008                SystemCoreClock
                0x000000002000000c                . = ALIGN (0x4)
                0x000000002000000c                _edata = .

.igot.plt       0x000000002000000c        0x0 load address 0x0000000008002c88
 .igot.plt      0x000000002000000c        0x0 /opt/st/stm32cubeide_1.6.1/plugins/com.st.stm32cube.ide.mcu.externaltools.gnu-tools-for-stm32.9-2020-q2-update.linux64_1.5.0.202011040924/tools/bin/../lib/gcc/arm-none-eabi/9.3.1/thumb/v7e-m+fp/hard/crtbegin.o
                0x000000002000000c                . = ALIGN (0x4)

.bss            0x000000002000000c      0x10c load address 0x0000000008002c88
                0x000000002000000c                _sbss = .
                0x000000002000000c                __bss_start__ = _sbss
 *(.bss)
 .bss           0x000000002000000c       0x1c /opt/st/stm32cubeide_1.6.1/plugins/com.st.stm32cube.ide.mcu.externaltools.gnu-tools-for-stm32.9-2020-q2-update.linux64_1.5.0.202011040924/tools/bin/../lib/gcc/arm-none-eabi/9.3.1/thumb/v7e-m+fp/hard/crtbegin.o
 *(.bss*)
 .bss.FMC_Initialized
                0x0000000020000028        0x4 Src/fmc.o
 .bss.uart_rx_char
                0x000000002000002c        0x1 Src/main.o
                0x000000002000002c                uart_rx_char
 *(COMMON)
 *fill*         0x000000002000002d        0x3 
 COMMON         0x0000000020000030        0x4 Drivers/STM32F4xx_HAL_Driver/Src/stm32f4xx_hal.o
                0x0000000020000030                uwTick
 COMMON         0x0000000020000034       0xa0 Src/fmc.o
                0x0000000020000034                hsram1
                0x0000000020000084                hsram2
 COMMON         0x00000000200000d4       0x44 Src/usart.o
                0x00000000200000d4                huart1
                0x0000000020000118                . = ALIGN (0x4)
                0x0000000020000118                _ebss = .
                0x0000000020000118                __bss_end__ = _ebss

._user_heap_stack
                0x0000000020000118      0x600 load address 0x0000000008002c88
                0x0000000020000118                . = ALIGN (0x8)
                0x0000000020000118                PROVIDE (end = .)
                [!provide]                        PROVIDE (_end = .)
                0x0000000020000318                . = (. + _Min_Heap_Size)
 *fill*         0x0000000020000118      0x200 
                0x0000000020000718                . = (. + _Min_Stack_Size)
 *fill*         0x0000000020000318      0x400 
                0x0000000020000718                . = ALIGN (0x8)

/DISCARD/
 libc.a(*)
 libm.a(*)
 libgcc.a(*)

.ARM.attributes
                0x0000000000000000       0x30
 *(.ARM.attributes)
 .ARM.attributes
                0x0000000000000000       0x1e /opt/st/stm32cubeide_1.6.1/plugins/com.st.stm32cube.ide.mcu.externaltools.gnu-tools-for-stm32.9-2020-q2-update.linux64_1.5.0.202011040924/tools/bin/../lib/gcc/arm-none-eabi/9.3.1/thumb/v7e-m+fp/hard/crti.o
 .ARM.attributes
                0x000000000000001e       0x34 /opt/st/stm32cubeide_1.6.1/plugins/com.st.stm32cube.ide.mcu.externaltools.gnu-tools-for-stm32.9-2020-q2-update.linux64_1.5.0.202011040924/tools/bin/../lib/gcc/arm-none-eabi/9.3.1/thumb/v7e-m+fp/hard/crtbegin.o
 .ARM.attributes
                0x0000000000000052       0x34 Drivers/STM32F4xx_HAL_Driver/Src/stm32f4xx_hal.o
 .ARM.attributes
                0x0000000000000086       0x34 Drivers/STM32F4xx_HAL_Driver/Src/stm32f4xx_hal_cortex.o
 .ARM.attributes
                0x00000000000000ba       0x34 Drivers/STM32F4xx_HAL_Driver/Src/stm32f4xx_hal_dma.o
 .ARM.attributes
                0x00000000000000ee       0x34 Drivers/STM32F4xx_HAL_Driver/Src/stm32f4xx_hal_gpio.o
 .ARM.attributes
                0x0000000000000122       0x34 Drivers/STM32F4xx_HAL_Driver/Src/stm32f4xx_hal_rcc.o
 .ARM.attributes
                0x0000000000000156       0x34 Drivers/STM32F4xx_HAL_Driver/Src/stm32f4xx_hal_sram.o
 .ARM.attributes
                0x000000000000018a       0x34 Drivers/STM32F4xx_HAL_Driver/Src/stm32f4xx_hal_uart.o
 .ARM.attributes
                0x00000000000001be       0x34 Drivers/STM32F4xx_HAL_Driver/Src/stm32f4xx_ll_fmc.o
 .ARM.attributes
                0x00000000000001f2       0x34 Src/fmc.o
 .ARM.attributes
                0x0000000000000226       0x34 Src/gpio.o
 .ARM.attributes
                0x000000000000025a       0x34 Src/main.o
 .ARM.attributes
                0x000000000000028e       0x34 Src/stm32f4xx_hal_msp.o
 .ARM.attributes
                0x00000000000002c2       0x34 Src/stm32f4xx_it.o
 .ARM.attributes
                0x00000000000002f6       0x34 Src/system_stm32f4xx.o
 .ARM.attributes
                0x000000000000032a       0x34 Src/usart.o
 .ARM.attributes
                0x000000000000035e       0x21 Startup/startup_stm32f429nihx.o
 .ARM.attributes
                0x000000000000037f       0x34 /opt/st/stm32cubeide_1.6.1/plugins/com.st.stm32cube.ide.mcu.externaltools.gnu-tools-for-stm32.9-2020-q2-update.linux64_1.5.0.202011040924/tools/bin/../lib/gcc/arm-none-eabi/9.3.1/../../../../arm-none-eabi/lib/thumb/v7e-m+fp/hard/libc_nano.a(lib_a-init.o)
 .ARM.attributes
                0x00000000000003b3       0x34 /opt/st/stm32cubeide_1.6.1/plugins/com.st.stm32cube.ide.mcu.externaltools.gnu-tools-for-stm32.9-2020-q2-update.linux64_1.5.0.202011040924/tools/bin/../lib/gcc/arm-none-eabi/9.3.1/../../../../arm-none-eabi/lib/thumb/v7e-m+fp/hard/libc_nano.a(lib_a-memset.o)
 .ARM.attributes
                0x00000000000003e7       0x1e /opt/st/stm32cubeide_1.6.1/plugins/com.st.stm32cube.ide.mcu.externaltools.gnu-tools-for-stm32.9-2020-q2-update.linux64_1.5.0.202011040924/tools/bin/../lib/gcc/arm-none-eabi/9.3.1/thumb/v7e-m+fp/hard/libgcc.a(_aeabi_uldivmod.o)
 .ARM.attributes
                0x0000000000000405       0x34 /opt/st/stm32cubeide_1.6.1/plugins/com.st.stm32cube.ide.mcu.externaltools.gnu-tools-for-stm32.9-2020-q2-update.linux64_1.5.0.202011040924/tools/bin/../lib/gcc/arm-none-eabi/9.3.1/thumb/v7e-m+fp/hard/libgcc.a(_udivmoddi4.o)
 .ARM.attributes
                0x0000000000000439       0x1e /opt/st/stm32cubeide_1.6.1/plugins/com.st.stm32cube.ide.mcu.externaltools.gnu-tools-for-stm32.9-2020-q2-update.linux64_1.5.0.202011040924/tools/bin/../lib/gcc/arm-none-eabi/9.3.1/thumb/v7e-m+fp/hard/libgcc.a(_dvmd_tls.o)
 .ARM.attributes
                0x0000000000000457       0x1e /opt/st/stm32cubeide_1.6.1/plugins/com.st.stm32cube.ide.mcu.externaltools.gnu-tools-for-stm32.9-2020-q2-update.linux64_1.5.0.202011040924/tools/bin/../lib/gcc/arm-none-eabi/9.3.1/thumb/v7e-m+fp/hard/crtn.o
OUTPUT(BOOT.elf elf32-littlearm)
LOAD linker stubs
LOAD /opt/st/stm32cubeide_1.6.1/plugins/com.st.stm32cube.ide.mcu.externaltools.gnu-tools-for-stm32.9-2020-q2-update.linux64_1.5.0.202011040924/tools/bin/../lib/gcc/arm-none-eabi/9.3.1/../../../../arm-none-eabi/lib/thumb/v7e-m+fp/hard/libc.a
LOAD /opt/st/stm32cubeide_1.6.1/plugins/com.st.stm32cube.ide.mcu.externaltools.gnu-tools-for-stm32.9-2020-q2-update.linux64_1.5.0.202011040924/tools/bin/../lib/gcc/arm-none-eabi/9.3.1/../../../../arm-none-eabi/lib/thumb/v7e-m+fp/hard/libm.a
LOAD /opt/st/stm32cubeide_1.6.1/plugins/com.st.stm32cube.ide.mcu.externaltools.gnu-tools-for-stm32.9-2020-q2-update.linux64_1.5.0.202011040924/tools/bin/../lib/gcc/arm-none-eabi/9.3.1/thumb/v7e-m+fp/hard/libgcc.a

.debug_info     0x0000000000000000     0xa1cd
 .debug_info    0x0000000000000000      0xa2a Drivers/STM32F4xx_HAL_Driver/Src/stm32f4xx_hal.o
 .debug_info    0x0000000000000a2a      0xf0d Drivers/STM32F4xx_HAL_Driver/Src/stm32f4xx_hal_cortex.o
 .debug_info    0x0000000000001937      0x9f1 Drivers/STM32F4xx_HAL_Driver/Src/stm32f4xx_hal_dma.o
 .debug_info    0x0000000000002328      0x85a Drivers/STM32F4xx_HAL_Driver/Src/stm32f4xx_hal_gpio.o
 .debug_info    0x0000000000002b82      0x9b2 Drivers/STM32F4xx_HAL_Driver/Src/stm32f4xx_hal_rcc.o
 .debug_info    0x0000000000003534      0xbab Drivers/STM32F4xx_HAL_Driver/Src/stm32f4xx_hal_sram.o
 .debug_info    0x00000000000040df     0x1665 Drivers/STM32F4xx_HAL_Driver/Src/stm32f4xx_hal_uart.o
 .debug_info    0x0000000000005744      0xff7 Drivers/STM32F4xx_HAL_Driver/Src/stm32f4xx_ll_fmc.o
 .debug_info    0x000000000000673b      0xabf Src/fmc.o
 .debug_info    0x00000000000071fa      0x568 Src/gpio.o
 .debug_info    0x0000000000007762      0xd34 Src/main.o
 .debug_info    0x0000000000008496      0x3b0 Src/stm32f4xx_hal_msp.o
 .debug_info    0x0000000000008846      0x70d Src/stm32f4xx_it.o
 .debug_info    0x0000000000008f53      0x5c0 Src/system_stm32f4xx.o
 .debug_info    0x0000000000009513      0xc98 Src/usart.o
 .debug_info    0x000000000000a1ab       0x22 Startup/startup_stm32f429nihx.o

.debug_abbrev   0x0000000000000000     0x1d2b
 .debug_abbrev  0x0000000000000000      0x1ed Drivers/STM32F4xx_HAL_Driver/Src/stm32f4xx_hal.o
 .debug_abbrev  0x00000000000001ed      0x33c Drivers/STM32F4xx_HAL_Driver/Src/stm32f4xx_hal_cortex.o
 .debug_abbrev  0x0000000000000529      0x259 Drivers/STM32F4xx_HAL_Driver/Src/stm32f4xx_hal_dma.o
 .debug_abbrev  0x0000000000000782      0x1f1 Drivers/STM32F4xx_HAL_Driver/Src/stm32f4xx_hal_gpio.o
 .debug_abbrev  0x0000000000000973      0x275 Drivers/STM32F4xx_HAL_Driver/Src/stm32f4xx_hal_rcc.o
 .debug_abbrev  0x0000000000000be8      0x1f4 Drivers/STM32F4xx_HAL_Driver/Src/stm32f4xx_hal_sram.o
 .debug_abbrev  0x0000000000000ddc      0x28b Drivers/STM32F4xx_HAL_Driver/Src/stm32f4xx_hal_uart.o
 .debug_abbrev  0x0000000000001067      0x1ae Drivers/STM32F4xx_HAL_Driver/Src/stm32f4xx_ll_fmc.o
 .debug_abbrev  0x0000000000001215      0x20f Src/fmc.o
 .debug_abbrev  0x0000000000001424      0x14e Src/gpio.o
 .debug_abbrev  0x0000000000001572      0x21e Src/main.o
 .debug_abbrev  0x0000000000001790      0x11d Src/stm32f4xx_hal_msp.o
 .debug_abbrev  0x00000000000018ad      0x163 Src/stm32f4xx_it.o
 .debug_abbrev  0x0000000000001a10      0x145 Src/system_stm32f4xx.o
 .debug_abbrev  0x0000000000001b55      0x1c4 Src/usart.o
 .debug_abbrev  0x0000000000001d19       0x12 Startup/startup_stm32f429nihx.o

.debug_aranges  0x0000000000000000      0x8b8
 .debug_aranges
                0x0000000000000000      0x100 Drivers/STM32F4xx_HAL_Driver/Src/stm32f4xx_hal.o
 .debug_aranges
                0x0000000000000100      0x118 Drivers/STM32F4xx_HAL_Driver/Src/stm32f4xx_hal_cortex.o
 .debug_aranges
                0x0000000000000218       0x90 Drivers/STM32F4xx_HAL_Driver/Src/stm32f4xx_hal_dma.o
 .debug_aranges
                0x00000000000002a8       0x58 Drivers/STM32F4xx_HAL_Driver/Src/stm32f4xx_hal_gpio.o
 .debug_aranges
                0x0000000000000300       0x88 Drivers/STM32F4xx_HAL_Driver/Src/stm32f4xx_hal_rcc.o
 .debug_aranges
                0x0000000000000388       0xa0 Drivers/STM32F4xx_HAL_Driver/Src/stm32f4xx_hal_sram.o
 .debug_aranges
                0x0000000000000428      0x200 Drivers/STM32F4xx_HAL_Driver/Src/stm32f4xx_hal_uart.o
 .debug_aranges
                0x0000000000000628       0xf0 Drivers/STM32F4xx_HAL_Driver/Src/stm32f4xx_ll_fmc.o
 .debug_aranges
                0x0000000000000718       0x40 Src/fmc.o
 .debug_aranges
                0x0000000000000758       0x20 Src/gpio.o
 .debug_aranges
                0x0000000000000778       0x38 Src/main.o
 .debug_aranges
                0x00000000000007b0       0x20 Src/stm32f4xx_hal_msp.o
 .debug_aranges
                0x00000000000007d0       0x68 Src/stm32f4xx_it.o
 .debug_aranges
                0x0000000000000838       0x28 Src/system_stm32f4xx.o
 .debug_aranges
                0x0000000000000860       0x30 Src/usart.o
 .debug_aranges
                0x0000000000000890       0x28 Startup/startup_stm32f429nihx.o

.debug_ranges   0x0000000000000000      0x7f0
 .debug_ranges  0x0000000000000000       0xf0 Drivers/STM32F4xx_HAL_Driver/Src/stm32f4xx_hal.o
 .debug_ranges  0x00000000000000f0      0x108 Drivers/STM32F4xx_HAL_Driver/Src/stm32f4xx_hal_cortex.o
 .debug_ranges  0x00000000000001f8       0x80 Drivers/STM32F4xx_HAL_Driver/Src/stm32f4xx_hal_dma.o
 .debug_ranges  0x0000000000000278       0x48 Drivers/STM32F4xx_HAL_Driver/Src/stm32f4xx_hal_gpio.o
 .debug_ranges  0x00000000000002c0       0x78 Drivers/STM32F4xx_HAL_Driver/Src/stm32f4xx_hal_rcc.o
 .debug_ranges  0x0000000000000338       0x90 Drivers/STM32F4xx_HAL_Driver/Src/stm32f4xx_hal_sram.o
 .debug_ranges  0x00000000000003c8      0x220 Drivers/STM32F4xx_HAL_Driver/Src/stm32f4xx_hal_uart.o
 .debug_ranges  0x00000000000005e8       0xe0 Drivers/STM32F4xx_HAL_Driver/Src/stm32f4xx_ll_fmc.o
 .debug_ranges  0x00000000000006c8       0x30 Src/fmc.o
 .debug_ranges  0x00000000000006f8       0x10 Src/gpio.o
 .debug_ranges  0x0000000000000708       0x28 Src/main.o
 .debug_ranges  0x0000000000000730       0x10 Src/stm32f4xx_hal_msp.o
 .debug_ranges  0x0000000000000740       0x58 Src/stm32f4xx_it.o
 .debug_ranges  0x0000000000000798       0x18 Src/system_stm32f4xx.o
 .debug_ranges  0x00000000000007b0       0x20 Src/usart.o
 .debug_ranges  0x00000000000007d0       0x20 Startup/startup_stm32f429nihx.o

.debug_macro    0x0000000000000000    0x22ac1
 .debug_macro   0x0000000000000000      0x235 Drivers/STM32F4xx_HAL_Driver/Src/stm32f4xx_hal.o
 .debug_macro   0x0000000000000235      0xaa8 Drivers/STM32F4xx_HAL_Driver/Src/stm32f4xx_hal.o
 .debug_macro   0x0000000000000cdd      0x29b Drivers/STM32F4xx_HAL_Driver/Src/stm32f4xx_hal.o
 .debug_macro   0x0000000000000f78       0x2e Drivers/STM32F4xx_HAL_Driver/Src/stm32f4xx_hal.o
 .debug_macro   0x0000000000000fa6       0x28 Drivers/STM32F4xx_HAL_Driver/Src/stm32f4xx_hal.o
 .debug_macro   0x0000000000000fce       0x22 Drivers/STM32F4xx_HAL_Driver/Src/stm32f4xx_hal.o
 .debug_macro   0x0000000000000ff0       0x8e Drivers/STM32F4xx_HAL_Driver/Src/stm32f4xx_hal.o
 .debug_macro   0x000000000000107e       0x51 Drivers/STM32F4xx_HAL_Driver/Src/stm32f4xx_hal.o
 .debug_macro   0x00000000000010cf      0x103 Drivers/STM32F4xx_HAL_Driver/Src/stm32f4xx_hal.o
 .debug_macro   0x00000000000011d2       0x6a Drivers/STM32F4xx_HAL_Driver/Src/stm32f4xx_hal.o
 .debug_macro   0x000000000000123c      0x1df Drivers/STM32F4xx_HAL_Driver/Src/stm32f4xx_hal.o
 .debug_macro   0x000000000000141b       0x1c Drivers/STM32F4xx_HAL_Driver/Src/stm32f4xx_hal.o
 .debug_macro   0x0000000000001437       0x22 Drivers/STM32F4xx_HAL_Driver/Src/stm32f4xx_hal.o
 .debug_macro   0x0000000000001459       0xdf Drivers/STM32F4xx_HAL_Driver/Src/stm32f4xx_hal.o
 .debug_macro   0x0000000000001538     0x102d Drivers/STM32F4xx_HAL_Driver/Src/stm32f4xx_hal.o
 .debug_macro   0x0000000000002565      0x11f Drivers/STM32F4xx_HAL_Driver/Src/stm32f4xx_hal.o
 .debug_macro   0x0000000000002684    0x17f6a Drivers/STM32F4xx_HAL_Driver/Src/stm32f4xx_hal.o
 .debug_macro   0x000000000001a5ee       0x43 Drivers/STM32F4xx_HAL_Driver/Src/stm32f4xx_hal.o
 .debug_macro   0x000000000001a631     0x36c9 Drivers/STM32F4xx_HAL_Driver/Src/stm32f4xx_hal.o
 .debug_macro   0x000000000001dcfa      0x174 Drivers/STM32F4xx_HAL_Driver/Src/stm32f4xx_hal.o
 .debug_macro   0x000000000001de6e       0x5c Drivers/STM32F4xx_HAL_Driver/Src/stm32f4xx_hal.o
 .debug_macro   0x000000000001deca      0xca5 Drivers/STM32F4xx_HAL_Driver/Src/stm32f4xx_hal.o
 .debug_macro   0x000000000001eb6f      0x9fe Drivers/STM32F4xx_HAL_Driver/Src/stm32f4xx_hal.o
 .debug_macro   0x000000000001f56d      0x117 Drivers/STM32F4xx_HAL_Driver/Src/stm32f4xx_hal.o
 .debug_macro   0x000000000001f684      0x157 Drivers/STM32F4xx_HAL_Driver/Src/stm32f4xx_hal.o
 .debug_macro   0x000000000001f7db       0x82 Drivers/STM32F4xx_HAL_Driver/Src/stm32f4xx_hal.o
 .debug_macro   0x000000000001f85d      0x182 Drivers/STM32F4xx_HAL_Driver/Src/stm32f4xx_hal.o
 .debug_macro   0x000000000001f9df      0x287 Drivers/STM32F4xx_HAL_Driver/Src/stm32f4xx_hal.o
 .debug_macro   0x000000000001fc66       0x5f Drivers/STM32F4xx_HAL_Driver/Src/stm32f4xx_hal.o
 .debug_macro   0x000000000001fcc5      0x236 Drivers/STM32F4xx_HAL_Driver/Src/stm32f4xx_hal.o
 .debug_macro   0x000000000001fefb      0x132 Drivers/STM32F4xx_HAL_Driver/Src/stm32f4xx_hal.o
 .debug_macro   0x000000000002002d      0x41d Drivers/STM32F4xx_HAL_Driver/Src/stm32f4xx_hal.o
 .debug_macro   0x000000000002044a       0x2e Drivers/STM32F4xx_HAL_Driver/Src/stm32f4xx_hal.o
 .debug_macro   0x0000000000020478      0x582 Drivers/STM32F4xx_HAL_Driver/Src/stm32f4xx_hal.o
 .debug_macro   0x00000000000209fa      0x11a Drivers/STM32F4xx_HAL_Driver/Src/stm32f4xx_hal.o
 .debug_macro   0x0000000000020b14       0xe2 Drivers/STM32F4xx_HAL_Driver/Src/stm32f4xx_hal.o
 .debug_macro   0x0000000000020bf6       0x89 Drivers/STM32F4xx_HAL_Driver/Src/stm32f4xx_hal.o
 .debug_macro   0x0000000000020c7f      0x295 Drivers/STM32F4xx_HAL_Driver/Src/stm32f4xx_hal.o
 .debug_macro   0x0000000000020f14      0x134 Drivers/STM32F4xx_HAL_Driver/Src/stm32f4xx_hal.o
 .debug_macro   0x0000000000021048      0x1d5 Drivers/STM32F4xx_HAL_Driver/Src/stm32f4xx_hal_cortex.o
 .debug_macro   0x000000000002121d      0x1db Drivers/STM32F4xx_HAL_Driver/Src/stm32f4xx_hal_dma.o
 .debug_macro   0x00000000000213f8      0x1db Drivers/STM32F4xx_HAL_Driver/Src/stm32f4xx_hal_gpio.o
 .debug_macro   0x00000000000215d3      0x1f9 Drivers/STM32F4xx_HAL_Driver/Src/stm32f4xx_hal_rcc.o
 .debug_macro   0x00000000000217cc      0x1d5 Drivers/STM32F4xx_HAL_Driver/Src/stm32f4xx_hal_sram.o
 .debug_macro   0x00000000000219a1      0x1d6 Drivers/STM32F4xx_HAL_Driver/Src/stm32f4xx_hal_uart.o
 .debug_macro   0x0000000000021b77      0x1d5 Drivers/STM32F4xx_HAL_Driver/Src/stm32f4xx_ll_fmc.o
 .debug_macro   0x0000000000021d4c      0x1e9 Src/fmc.o
 .debug_macro   0x0000000000021f35      0x1e9 Src/gpio.o
 .debug_macro   0x000000000002211e      0x217 Src/main.o
 .debug_macro   0x0000000000022335      0x1df Src/stm32f4xx_hal_msp.o
 .debug_macro   0x0000000000022514      0x1e9 Src/stm32f4xx_it.o
 .debug_macro   0x00000000000226fd      0x1db Src/system_stm32f4xx.o
 .debug_macro   0x00000000000228d8      0x1e9 Src/usart.o

.debug_line     0x0000000000000000     0xa339
 .debug_line    0x0000000000000000      0x9b8 Drivers/STM32F4xx_HAL_Driver/Src/stm32f4xx_hal.o
 .debug_line    0x00000000000009b8      0xc31 Drivers/STM32F4xx_HAL_Driver/Src/stm32f4xx_hal_cortex.o
 .debug_line    0x00000000000015e9      0xeeb Drivers/STM32F4xx_HAL_Driver/Src/stm32f4xx_hal_dma.o
 .debug_line    0x00000000000024d4      0xb22 Drivers/STM32F4xx_HAL_Driver/Src/stm32f4xx_hal_gpio.o
 .debug_line    0x0000000000002ff6      0xcfc Drivers/STM32F4xx_HAL_Driver/Src/stm32f4xx_hal_rcc.o
 .debug_line    0x0000000000003cf2      0xb24 Drivers/STM32F4xx_HAL_Driver/Src/stm32f4xx_hal_sram.o
 .debug_line    0x0000000000004816     0x1a48 Drivers/STM32F4xx_HAL_Driver/Src/stm32f4xx_hal_uart.o
 .debug_line    0x000000000000625e      0xe27 Drivers/STM32F4xx_HAL_Driver/Src/stm32f4xx_ll_fmc.o
 .debug_line    0x0000000000007085      0x7f2 Src/fmc.o
 .debug_line    0x0000000000007877      0x6b1 Src/gpio.o
 .debug_line    0x0000000000007f28      0x744 Src/main.o
 .debug_line    0x000000000000866c      0x696 Src/stm32f4xx_hal_msp.o
 .debug_line    0x0000000000008d02      0x76a Src/stm32f4xx_it.o
 .debug_line    0x000000000000946c      0x738 Src/system_stm32f4xx.o
 .debug_line    0x0000000000009ba4      0x714 Src/usart.o
 .debug_line    0x000000000000a2b8       0x81 Startup/startup_stm32f429nihx.o

.debug_str      0x0000000000000000    0xd1069
 .debug_str     0x0000000000000000    0xced6b Drivers/STM32F4xx_HAL_Driver/Src/stm32f4xx_hal.o
                                      0xcf0d7 (size before relaxing)
 .debug_str     0x00000000000ced6b      0x3e6 Drivers/STM32F4xx_HAL_Driver/Src/stm32f4xx_hal_cortex.o
                                      0xcee78 (size before relaxing)
 .debug_str     0x00000000000cf151      0x521 Drivers/STM32F4xx_HAL_Driver/Src/stm32f4xx_hal_dma.o
                                      0xce96d (size before relaxing)
 .debug_str     0x00000000000cf672      0x1e5 Drivers/STM32F4xx_HAL_Driver/Src/stm32f4xx_hal_gpio.o
                                      0xce6fd (size before relaxing)
 .debug_str     0x00000000000cf857      0x38f Drivers/STM32F4xx_HAL_Driver/Src/stm32f4xx_hal_rcc.o
                                      0xce958 (size before relaxing)
 .debug_str     0x00000000000cfbe6      0x3e4 Drivers/STM32F4xx_HAL_Driver/Src/stm32f4xx_hal_sram.o
                                      0xcea59 (size before relaxing)
 .debug_str     0x00000000000cffca      0x7e5 Drivers/STM32F4xx_HAL_Driver/Src/stm32f4xx_hal_uart.o
                                      0xceea7 (size before relaxing)
 .debug_str     0x00000000000d07af      0x577 Drivers/STM32F4xx_HAL_Driver/Src/stm32f4xx_ll_fmc.o
                                      0xcebad (size before relaxing)
 .debug_str     0x00000000000d0d26       0x89 Src/fmc.o
                                      0xcea90 (size before relaxing)
 .debug_str     0x00000000000d0daf       0x27 Src/gpio.o
                                      0xce57c (size before relaxing)
 .debug_str     0x00000000000d0dd6       0xf5 Src/main.o
                                      0xced21 (size before relaxing)
 .debug_str     0x00000000000d0ecb       0x1b Src/stm32f4xx_hal_msp.o
                                      0xce4df (size before relaxing)
 .debug_str     0x00000000000d0ee6       0xca Src/stm32f4xx_it.o
                                      0xce8a8 (size before relaxing)
 .debug_str     0x00000000000d0fb0       0x5a Src/system_stm32f4xx.o
                                      0xce566 (size before relaxing)
 .debug_str     0x00000000000d100a       0x2e Src/usart.o
                                      0xcef33 (size before relaxing)
 .debug_str     0x00000000000d1038       0x31 Startup/startup_stm32f429nihx.o
                                         0x63 (size before relaxing)

.comment        0x0000000000000000       0x53
 .comment       0x0000000000000000       0x53 Drivers/STM32F4xx_HAL_Driver/Src/stm32f4xx_hal.o
                                         0x54 (size before relaxing)
 .comment       0x0000000000000053       0x54 Drivers/STM32F4xx_HAL_Driver/Src/stm32f4xx_hal_cortex.o
 .comment       0x0000000000000053       0x54 Drivers/STM32F4xx_HAL_Driver/Src/stm32f4xx_hal_dma.o
 .comment       0x0000000000000053       0x54 Drivers/STM32F4xx_HAL_Driver/Src/stm32f4xx_hal_gpio.o
 .comment       0x0000000000000053       0x54 Drivers/STM32F4xx_HAL_Driver/Src/stm32f4xx_hal_rcc.o
 .comment       0x0000000000000053       0x54 Drivers/STM32F4xx_HAL_Driver/Src/stm32f4xx_hal_sram.o
 .comment       0x0000000000000053       0x54 Drivers/STM32F4xx_HAL_Driver/Src/stm32f4xx_hal_uart.o
 .comment       0x0000000000000053       0x54 Drivers/STM32F4xx_HAL_Driver/Src/stm32f4xx_ll_fmc.o
 .comment       0x0000000000000053       0x54 Src/fmc.o
 .comment       0x0000000000000053       0x54 Src/gpio.o
 .comment       0x0000000000000053       0x54 Src/main.o
 .comment       0x0000000000000053       0x54 Src/stm32f4xx_hal_msp.o
 .comment       0x0000000000000053       0x54 Src/stm32f4xx_it.o
 .comment       0x0000000000000053       0x54 Src/system_stm32f4xx.o
 .comment       0x0000000000000053       0x54 Src/usart.o

.debug_frame    0x0000000000000000     0x223c
 .debug_frame   0x0000000000000000      0x3b4 Drivers/STM32F4xx_HAL_Driver/Src/stm32f4xx_hal.o
 .debug_frame   0x00000000000003b4      0x498 Drivers/STM32F4xx_HAL_Driver/Src/stm32f4xx_hal_cortex.o
 .debug_frame   0x000000000000084c      0x250 Drivers/STM32F4xx_HAL_Driver/Src/stm32f4xx_hal_dma.o
 .debug_frame   0x0000000000000a9c      0x14c Drivers/STM32F4xx_HAL_Driver/Src/stm32f4xx_hal_gpio.o
 .debug_frame   0x0000000000000be8      0x1ec Drivers/STM32F4xx_HAL_Driver/Src/stm32f4xx_hal_rcc.o
 .debug_frame   0x0000000000000dd4      0x2a0 Drivers/STM32F4xx_HAL_Driver/Src/stm32f4xx_hal_sram.o
 .debug_frame   0x0000000000001074      0x924 Drivers/STM32F4xx_HAL_Driver/Src/stm32f4xx_hal_uart.o
 .debug_frame   0x0000000000001998      0x440 Drivers/STM32F4xx_HAL_Driver/Src/stm32f4xx_ll_fmc.o
 .debug_frame   0x0000000000001dd8       0xbc Src/fmc.o
 .debug_frame   0x0000000000001e94       0x34 Src/gpio.o
 .debug_frame   0x0000000000001ec8       0x9c Src/main.o
 .debug_frame   0x0000000000001f64       0x38 Src/stm32f4xx_hal_msp.o
 .debug_frame   0x0000000000001f9c      0x128 Src/stm32f4xx_it.o
 .debug_frame   0x00000000000020c4       0x58 Src/system_stm32f4xx.o
 .debug_frame   0x000000000000211c       0x74 Src/usart.o
 .debug_frame   0x0000000000002190       0x2c /opt/st/stm32cubeide_1.6.1/plugins/com.st.stm32cube.ide.mcu.externaltools.gnu-tools-for-stm32.9-2020-q2-update.linux64_1.5.0.202011040924/tools/bin/../lib/gcc/arm-none-eabi/9.3.1/../../../../arm-none-eabi/lib/thumb/v7e-m+fp/hard/libc_nano.a(lib_a-init.o)
 .debug_frame   0x00000000000021bc       0x20 /opt/st/stm32cubeide_1.6.1/plugins/com.st.stm32cube.ide.mcu.externaltools.gnu-tools-for-stm32.9-2020-q2-update.linux64_1.5.0.202011040924/tools/bin/../lib/gcc/arm-none-eabi/9.3.1/../../../../arm-none-eabi/lib/thumb/v7e-m+fp/hard/libc_nano.a(lib_a-memset.o)
 .debug_frame   0x00000000000021dc       0x2c /opt/st/stm32cubeide_1.6.1/plugins/com.st.stm32cube.ide.mcu.externaltools.gnu-tools-for-stm32.9-2020-q2-update.linux64_1.5.0.202011040924/tools/bin/../lib/gcc/arm-none-eabi/9.3.1/thumb/v7e-m+fp/hard/libgcc.a(_aeabi_uldivmod.o)
 .debug_frame   0x0000000000002208       0x34 /opt/st/stm32cubeide_1.6.1/plugins/com.st.stm32cube.ide.mcu.externaltools.gnu-tools-for-stm32.9-2020-q2-update.linux64_1.5.0.202011040924/tools/bin/../lib/gcc/arm-none-eabi/9.3.1/thumb/v7e-m+fp/hard/libgcc.a(_udivmoddi4.o)
