FPGA.c:158:9:readPort	16	static
FPGA.c:172:6:writePort	16	static
FPGA.c:197:6:ispVMDelay	24	static
FPGA.c:209:6:EnableHardware	8	static
FPGA.c:217:6:DisableHardware	8	static
FPGA.c:325:9:ispProcessVME	32	static
FPGA.c:696:10:ispVMDataSize	16	static
FPGA.c:730:9:ispVMShiftExec	24	static
FPGA.c:903:9:ispVMShift	24	static
FPGA.c:1073:9:GetByte	24	static
FPGA.c:1124:6:sclock	8	static
FPGA.c:1154:9:ispVMRead	32	static
FPGA.c:1283:6:ispVMSend	24	static
FPGA.c:1374:6:ispVMStateMachine	24	static
FPGA.c:1426:6:ispVMClocks	16	static
FPGA.c:1452:6:ispVMBypass	16	static
FPGA.c:1482:6:ispVMLCOUNT	16	static
FPGA.c:1496:6:ispVMLDELAY	16	static
FPGA.c:1569:9:B5_FPGA_Programming	32	static
FPGA.c:1680:6:B5_FPGA_SetMux	16	static
FPGA.c:1718:6:B5_FPGA_FpgaCpuGPIO	16	static
