stm32f4xx_ll_fmc.c:151:20:FMC_NORSRAM_Init	16	static
stm32f4xx_ll_fmc.c:263:19:FMC_NORSRAM_DeInit	4	static
stm32f4xx_ll_fmc.c:299:19:FMC_NORSRAM_Timing_Init	12	static
stm32f4xx_ll_fmc.c:352:20:FMC_NORSRAM_Extended_Timing_Init	12	static
stm32f4xx_ll_fmc.c:417:19:FMC_NORSRAM_WriteOperation_Enable	0	static
stm32f4xx_ll_fmc.c:435:19:FMC_NORSRAM_WriteOperation_Disable	0	static
stm32f4xx_ll_fmc.c:772:19:FMC_NAND_Init	16	static
stm32f4xx_ll_fmc.c:834:19:FMC_NAND_CommonSpace_Timing_Init	8	static
stm32f4xx_ll_fmc.c:890:19:FMC_NAND_AttributeSpace_Timing_Init	8	static
stm32f4xx_ll_fmc.c:943:19:FMC_NAND_DeInit	4	static
stm32f4xx_ll_fmc.c:998:19:FMC_NAND_ECC_Enable	0	static
stm32f4xx_ll_fmc.c:1023:19:FMC_NAND_ECC_Disable	0	static
stm32f4xx_ll_fmc.c:1050:19:FMC_NAND_GetECC	24	static
stm32f4xx_ll_fmc.c:1145:19:FMC_PCCARD_Init	4	static
stm32f4xx_ll_fmc.c:1180:19:FMC_PCCARD_CommonSpace_Timing_Init	8	static
stm32f4xx_ll_fmc.c:1215:19:FMC_PCCARD_AttributeSpace_Timing_Init	8	static
stm32f4xx_ll_fmc.c:1250:19:FMC_PCCARD_IOSpace_Timing_Init	8	static
stm32f4xx_ll_fmc.c:1284:19:FMC_PCCARD_DeInit	8	static
stm32f4xx_ll_fmc.c:1354:19:FMC_SDRAM_Init	24	static
stm32f4xx_ll_fmc.c:1437:19:FMC_SDRAM_Timing_Init	20	static
stm32f4xx_ll_fmc.c:1508:19:FMC_SDRAM_DeInit	8	static
stm32f4xx_ll_fmc.c:1548:19:FMC_SDRAM_WriteProtection_Enable	0	static
stm32f4xx_ll_fmc.c:1565:19:FMC_SDRAM_WriteProtection_Disable	0	static
stm32f4xx_ll_fmc.c:1585:19:FMC_SDRAM_SendCommand	24	static
stm32f4xx_ll_fmc.c:1631:19:FMC_SDRAM_ProgramRefreshRate	0	static
stm32f4xx_ll_fmc.c:1649:19:FMC_SDRAM_SetAutoRefreshNumber	0	static
stm32f4xx_ll_fmc.c:1670:10:FMC_SDRAM_GetModeStatus	0	static
